
> softgen-firebase-starter@0.1.0 build
> next build

   ▲ Next.js 15.2.3
   - Environments: .env.local

   Linting and checking validity of types ...
   Creating an optimized production build ...
 ✓ Compiled successfully
   Collecting page data ...
   Generating static pages (0/8) ...
   Generating static pages (2/8) 
   Generating static pages (4/8) 
   Generating static pages (6/8) 
 ✓ Generating static pages (8/8)
